alex@ubuntu:~/c/printf$ cat main.c
#include "main.h"

/**
 * main - Entry point
 *
 * Return: Always 0
 */
int main(void)
{
    _printf("%S\n", "Best\nSchool");
    return (0);
}
alex@ubuntu:~/c/printf$ gcc -Wall -Wextra -Werror -pedantic -std=gnu89 main.c
alex@ubuntu:~/c/printf$ ./a.out
Best\x0ASchool
alex@ubuntu:~/c/printf$alex@ubuntu:~/c/printf$ cat main.c
#include "main.h"

/**
 * main - Entry point
 *
 * Return: Always 0
 */
int main(void)
{
    _printf("%S\n", "Best\nSchool");
    return (0);
}
alex@ubuntu:~/c/printf$ gcc -Wall -Wextra -Werror -pedantic -std=gnu89 main.c
alex@ubuntu:~/c/printf$ ./a.out
Best\x0ASchool
alex@ubuntu:~/c/printf$alex@ubuntu:~/c/printf$ cat main.c
#include "main.h"

/**
 * main - Entry point
 *
 * Return: Always 0
 */
int main(void)
{
    _printf("%S\n", "Best\nSchool");
    return (0);
}
alex@ubuntu:~/c/printf$ gcc -Wall -Wextra -Werror -pedantic -std=gnu89 main.c
alex@ubuntu:~/c/printf$ ./a.out
Best\x0ASchool
alex@ubuntu:~/c/printf$alex@ubuntu:~/c/printf$ cat main.c
#include "main.h"

/**
 * main - Entry point
 *
 * Return: Always 0
 */
int main(void)
{
    _printf("%S\n", "Best\nSchool");
    return (0);
}
alex@ubuntu:~/c/printf$ gcc -Wall -Wextra -Werror -pedantic -std=gnu89 main.c
alex@ubuntu:~/c/printf$ ./a.out
Best\x0ASchool
alex@ubuntu:~/c/printf$alex@ubuntu:~/c/printf$ cat main.c
#include "main.h"

/**
 * main - Entry point
 *
 * Return: Always 0
 */
int main(void)
{
    _printf("%S\n", "Best\nSchool");
    return (0);
}
alex@ubuntu:~/c/printf$ gcc -Wall -Wextra -Werror -pedantic -std=gnu89 main.c
alex@ubuntu:~/c/printf$ ./a.out
Best\x0ASchool
alex@ubuntu:~/c/printf$alex@ubuntu:~/c/printf$ cat main.c
#include "main.h"

/**
 * main - Entry point
 *
 * Return: Always 0
 */
int main(void)
{
    _printf("%S\n", "Best\nSchool");
    return (0);
}
alex@ubuntu:~/c/printf$ gcc -Wall -Wextra -Werror -pedantic -std=gnu89 main.c
alex@ubuntu:~/c/printf$ ./a.out
Best\x0ASchool
alex@ubuntu:~/c/printf$alex@ubuntu:~/c/printf$ cat main.c
#include "main.h"

/**
 * main - Entry point
 *
 * Return: Always 0
 */
int main(void)
{
    _printf("%S\n", "Best\nSchool");
    return (0);
}
alex@ubuntu:~/c/printf$ gcc -Wall -Wextra -Werror -pedantic -std=gnu89 main.c
alex@ubuntu:~/c/printf$ ./a.out
Best\x0ASchool
alex@ubuntu:~/c/printf$alex@ubuntu:~/c/printf$ cat main.c
#include "main.h"

/**
 * main - Entry point
 *
 * Return: Always 0
 */
int main(void)
{
    _printf("%S\n", "Best\nSchool");
    return (0);
}
alex@ubuntu:~/c/printf$ gcc -Wall -Wextra -Werror -pedantic -std=gnu89 main.c
alex@ubuntu:~/c/printf$ ./a.out
Best\x0ASchool
alex@ubuntu:~/c/printf$alex@ubuntu:~/c/printf$ cat main.c
#include "main.h"

/**
 * main - Entry point
 *
 * Return: Always 0
 */
int main(void)
{
    _printf("%S\n", "Best\nSchool");
    return (0);
}
alex@ubuntu:~/c/printf$ gcc -Wall -Wextra -Werror -pedantic -std=gnu89 main.c
alex@ubuntu:~/c/printf$ ./a.out
Best\x0ASchool
alex@ubuntu:~/c/printf$alex@ubuntu:~/c/printf$ cat main.c
#include "main.h"

/**
 * main - Entry point
 *
 * Return: Always 0
 */
int main(void)
{
    _printf("%S\n", "Best\nSchool");
    return (0);
}
alex@ubuntu:~/c/printf$ gcc -Wall -Wextra -Werror -pedantic -std=gnu89 main.c
alex@ubuntu:~/c/printf$ ./a.out
Best\x0ASchool
alex@ubuntu:~/c/printf$alex@ubuntu:~/c/printf$ cat main.c
#include "main.h"

/**
 * main - Entry point
 *
 * Return: Always 0
 */
int main(void)
{
    _printf("%S\n", "Best\nSchool");
    return (0);
}
alex@ubuntu:~/c/printf$ gcc -Wall -Wextra -Werror -pedantic -std=gnu89 main.c
alex@ubuntu:~/c/printf$ ./a.out
Best\x0ASchool
alex@ubuntu:~/c/printf$alex@ubuntu:~/c/printf$ cat main.c
#include "main.h"

/**
 * main - Entry point
 *
 * Return: Always 0
 */
int main(void)
{
    _printf("%S\n", "Best\nSchool");
    return (0);
}
alex@ubuntu:~/c/printf$ gcc -Wall -Wextra -Werror -pedantic -std=gnu89 main.c
alex@ubuntu:~/c/printf$ ./a.out
Best\x0ASchool
alex@ubuntu:~/c/printf$alex@ubuntu:~/c/printf$ cat main.c
#include "main.h"

/**
 * main - Entry point
 *
 * Return: Always 0
 */
int main(void)
{
    _printf("%S\n", "Best\nSchool");
    return (0);
}
alex@ubuntu:~/c/printf$ gcc -Wall -Wextra -Werror -pedantic -std=gnu89 main.c
alex@ubuntu:~/c/printf$ ./a.out
Best\x0ASchool
alex@ubuntu:~/c/printf$alex@ubuntu:~/c/printf$ cat main.c
#include "main.h"

/**
 * main - Entry point
 *
 * Return: Always 0
 */
int main(void)
{
    _printf("%S\n", "Best\nSchool");
    return (0);
}
alex@ubuntu:~/c/printf$ gcc -Wall -Wextra -Werror -pedantic -std=gnu89 main.c
alex@ubuntu:~/c/printf$ ./a.out
Best\x0ASchool
alex@ubuntu:~/c/printf$alex@ubuntu:~/c/printf$ cat main.c
#include "main.h"

/**
 * main - Entry point
 *
 * Return: Always 0
 */
int main(void)
{
    _printf("%S\n", "Best\nSchool");
    return (0);
}
alex@ubuntu:~/c/printf$ gcc -Wall -Wextra -Werror -pedantic -std=gnu89 main.c
alex@ubuntu:~/c/printf$ ./a.out
Best\x0ASchool
alex@ubuntu:~/c/printf$
